// Jest Snapshot v1, https://goo.gl/fbAQLP

exports[`Testing Camera page renders as expected 1`] = `ShallowWrapper {}`;
